// Jest Snapshot v1, https://goo.gl/fbAQLP

exports[`INJECT PRODUCTION should group breakpoints 1`] = `"@media (max-width:768px) {.AR_A{color:red;}.AR_B{color:blue;}}"`;

exports[`INJECT PRODUCTION should group themes 1`] = `".AR_C{color:var(--colors-green);}.AR_D{color:var(--colors-purple);}:root{--colors-green:green;--colors-purple:purple;}.themes-dark{--colors-green:yellow;--colors-purple:pink;}"`;

exports[`INJECT PRODUCTION should group themes and breakpoints 1`] = `"@media (max-width:768px) {.AR_C{color:var(--colors-green);}.AR_D{color:var(--colors-purple);}}:root{--colors-green:green;--colors-purple:purple;}.themes-dark{--colors-green:yellow;--colors-purple:pink;}"`;

exports[`INJECT PRODUCTION should inject both pseudo selector and breakpoint 1`] = `"@media (max-width:768px) {.AR_A:hover{color:red;}}"`;

exports[`INJECT PRODUCTION should inject multiple 1`] = `"@media (max-width:768px) {.AR_A{color:red;}.AR_B:hover{color:blue;}}"`;

exports[`INJECT PRODUCTION should inject simple 1`] = `".AR_A{color:red;}"`;

exports[`INJECT PRODUCTION should inject themes 1`] = `"@media (max-width:768px) {.AR_C{color:var(--colors-green);}}:root{--colors-green:green;}.themes-dark{--colors-green:yellow;}"`;

exports[`INJECT PRODUCTION should inject with breakpoint 1`] = `"@media (max-width:768px) {.AR_A{color:red;}}"`;

exports[`INJECT PRODUCTION should inject with multiple breakpoints 1`] = `"@media (max-width:640px) {.AR_A{color:red;}}@media (max-width:1280px) {.AR_A{color:red;}}"`;

exports[`INJECT PRODUCTION should inject with multiple pseudo selectors 1`] = `".AR_A:hover{color:red;}"`;

exports[`INJECT PRODUCTION should inject with pseudo selector 1`] = `".AR_A:hover{color:red;}"`;
